// Vitest Snapshot v1, https://vitest.dev/guide/snapshot.html

exports[`Display Context values > should match the snapshot 1`] = `
{
  "asFragment": [Function],
  "baseElement": <body>
    <div>
      <div>
        <hr />
        <div>
          <h3>
            Post Container
          </h3>
        </div>
        <div>
          <hr />
          <div>
            <h3>
              Post Content
            </h3>
          </div>
          <div>
            <hr />
            <div>
              <h3>
                Post Content Button
              </h3>
            </div>
            <span>
              UserName: 
              testUser
            </span>
             
            <br />
            <input
              type="text"
              value=""
            />
            <button>
              Save Display Name
            </button>
          </div>
          <span>
            Email: 
            testEmail
          </span>
        </div>
        <div>
          DisplayName: 
        </div>
        <div>
          ID: 
          101
        </div>
        <div>
          Email: 
          testEmail
        </div>
        <div>
          UserName: 
          testUser
        </div>
      </div>
    </div>
  </body>,
  "container": <div>
    <div>
      <hr />
      <div>
        <h3>
          Post Container
        </h3>
      </div>
      <div>
        <hr />
        <div>
          <h3>
            Post Content
          </h3>
        </div>
        <div>
          <hr />
          <div>
            <h3>
              Post Content Button
            </h3>
          </div>
          <span>
            UserName: 
            testUser
          </span>
           
          <br />
          <input
            type="text"
            value=""
          />
          <button>
            Save Display Name
          </button>
        </div>
        <span>
          Email: 
          testEmail
        </span>
      </div>
      <div>
        DisplayName: 
      </div>
      <div>
        ID: 
        101
      </div>
      <div>
        Email: 
        testEmail
      </div>
      <div>
        UserName: 
        testUser
      </div>
    </div>
  </div>,
  "debug": [Function],
  "findAllByAltText": [Function],
  "findAllByDisplayValue": [Function],
  "findAllByLabelText": [Function],
  "findAllByPlaceholderText": [Function],
  "findAllByRole": [Function],
  "findAllByTestId": [Function],
  "findAllByText": [Function],
  "findAllByTitle": [Function],
  "findByAltText": [Function],
  "findByDisplayValue": [Function],
  "findByLabelText": [Function],
  "findByPlaceholderText": [Function],
  "findByRole": [Function],
  "findByTestId": [Function],
  "findByText": [Function],
  "findByTitle": [Function],
  "getAllByAltText": [Function],
  "getAllByDisplayValue": [Function],
  "getAllByLabelText": [Function],
  "getAllByPlaceholderText": [Function],
  "getAllByRole": [Function],
  "getAllByTestId": [Function],
  "getAllByText": [Function],
  "getAllByTitle": [Function],
  "getByAltText": [Function],
  "getByDisplayValue": [Function],
  "getByLabelText": [Function],
  "getByPlaceholderText": [Function],
  "getByRole": [Function],
  "getByTestId": [Function],
  "getByText": [Function],
  "getByTitle": [Function],
  "queryAllByAltText": [Function],
  "queryAllByDisplayValue": [Function],
  "queryAllByLabelText": [Function],
  "queryAllByPlaceholderText": [Function],
  "queryAllByRole": [Function],
  "queryAllByTestId": [Function],
  "queryAllByText": [Function],
  "queryAllByTitle": [Function],
  "queryByAltText": [Function],
  "queryByDisplayValue": [Function],
  "queryByLabelText": [Function],
  "queryByPlaceholderText": [Function],
  "queryByRole": [Function],
  "queryByTestId": [Function],
  "queryByText": [Function],
  "queryByTitle": [Function],
  "rerender": [Function],
  "unmount": [Function],
}
`;
