// Vitest Snapshot v1, https://vitest.dev/guide/snapshot.html

exports[`UserName Display > should render username 1`] = `
<div>
  <div>
    <span>
      Tillu
    </span>
  </div>
</div>
`;
